======================================================================
TECHNOAIAMAZE FULL VIDEO GENERATION TEST
======================================================================

python.exe : Traceback (most 
recent call last):
At line:1 char:1
+ & "c:\program 
files\python312\python.exe" 
test_full.py > error_log.tx ...
+ ~~~~~~~~~~~~~~~~~~~~~~~~~~~~~~~~~
~~~~~~~~~~~~~~~~~~~~~~~~~~~~~~~~~~~
~
    + CategoryInfo          : NotS 
   pecified: (Traceback (most rec  
  ent call last)::String) [], Re   
 moteException
    + FullyQualifiedErrorId : Nati 
   veCommandError
 
  File 
"C:\Users\Shri\Desktop\antigravity 
Tools\ai video 
creator\server\test_full.py", line 
23, in <module>
    print(f"\U0001f4c2 Temp 
Directory: {TEMP_DIR}")
  File "C:\program files\python312\
Lib\encodings\cp1252.py", line 19, 
in encode
    return codecs.charmap_encode(in
put,self.errors,encoding_table)[0]
           ^^^^^^^^^^^^^^^^^^^^^^^^
^^^^^^^^^^^^^^^^^^^^^^^^^^^^^^^
UnicodeEncodeError: 'charmap' 
codec can't encode character 
'\U0001f4c2' in position 0: 
character maps to <undefined>
